{
    "original": "http:\/\/localhost\/storage\/1\/some_file_name"
}
